// Jest Snapshot v1, https://goo.gl/fbAQLP

exports[`render renders correctly with promotion 1`] = `
<DocumentFragment>
  <input
    class="simple-button"
    type="button"
    value="add"
  />
</DocumentFragment>
`;
