// Jest Snapshot v1, https://goo.gl/fbAQLP

exports[`@render Component has loaded data 1`] = `
<DocumentFragment>
  <div
    class="singleLocation"
  >
    loading
  </div>
</DocumentFragment>
`;
