// Jest Snapshot v1, https://goo.gl/fbAQLP

exports[`render renders correctly 1`] = `
<DocumentFragment>
  <div
    class="products-list"
  >
    loading......loading
  </div>
</DocumentFragment>
`;
