// Jest Snapshot v1, https://goo.gl/fbAQLP

exports[`loading status renders "loading..." when data is not returned 1`] = `
<DocumentFragment>
  <div
    class="MuiContainer-root makeStyles-root-1 MuiContainer-maxWidthLg"
  >
    <div>
      <div
        class="MuiPaper-root MuiCard-root makeStyles-root-3 MuiPaper-elevation1 MuiPaper-rounded"
      >
        <button
          class="MuiButtonBase-root MuiCardActionArea-root"
          tabindex="0"
          type="button"
        >
          <img
            alt="title"
            class="MuiCardMedia-root MuiCardMedia-media MuiCardMedia-img"
            height="140"
            src="noImage.jpg"
            title="Contemplative Reptile"
          />
          <div
            class="MuiCardContent-root"
          >
            <h2
              class="MuiTypography-root MuiTypography-h5 MuiTypography-gutterBottom"
            >
              title
            </h2>
            <p
              class="MuiTypography-root MuiTypography-body2 MuiTypography-colorTextSecondary"
            />
            <p
              class="MuiTypography-root MuiTypography-body2 MuiTypography-colorTextSecondary"
            />
          </div>
          <span
            class="MuiCardActionArea-focusHighlight"
          />
          <span
            class="MuiTouchRipple-root"
          />
        </button>
        <div
          class="MuiCardActions-root MuiCardActions-spacing"
        >
          <button
            class="MuiButtonBase-root MuiButton-root MuiButton-text MuiButton-textPrimary MuiButton-textSizeSmall MuiButton-sizeSmall"
            tabindex="0"
            type="button"
          >
            <span
              class="MuiButton-label"
            >
              Share
            </span>
            <span
              class="MuiTouchRipple-root"
            />
          </button>
          <button
            class="MuiButtonBase-root MuiButton-root MuiButton-text MuiButton-textPrimary MuiButton-textSizeSmall MuiButton-sizeSmall"
            tabindex="0"
            type="button"
          >
            <span
              class="MuiButton-label"
            >
              Learn More
            </span>
            <span
              class="MuiTouchRipple-root"
            />
          </button>
        </div>
      </div>
    </div>
    <div
      data-ref="ref1"
    >
      <div
        class="MuiPaper-root MuiCard-root makeStyles-root-3 MuiPaper-elevation1 MuiPaper-rounded"
      >
        <button
          class="MuiButtonBase-root MuiCardActionArea-root"
          tabindex="0"
          type="button"
        >
          <img
            alt="title"
            class="MuiCardMedia-root MuiCardMedia-media MuiCardMedia-img"
            height="140"
            src="noImage.jpg"
            title="Contemplative Reptile"
          />
          <div
            class="MuiCardContent-root"
          >
            <h2
              class="MuiTypography-root MuiTypography-h5 MuiTypography-gutterBottom"
            >
              title
            </h2>
            <p
              class="MuiTypography-root MuiTypography-body2 MuiTypography-colorTextSecondary"
            />
            <p
              class="MuiTypography-root MuiTypography-body2 MuiTypography-colorTextSecondary"
            />
          </div>
          <span
            class="MuiCardActionArea-focusHighlight"
          />
          <span
            class="MuiTouchRipple-root"
          />
        </button>
        <div
          class="MuiCardActions-root MuiCardActions-spacing"
        >
          <button
            class="MuiButtonBase-root MuiButton-root MuiButton-text MuiButton-textPrimary MuiButton-textSizeSmall MuiButton-sizeSmall"
            tabindex="0"
            type="button"
          >
            <span
              class="MuiButton-label"
            >
              Share
            </span>
            <span
              class="MuiTouchRipple-root"
            />
          </button>
          <button
            class="MuiButtonBase-root MuiButton-root MuiButton-text MuiButton-textPrimary MuiButton-textSizeSmall MuiButton-sizeSmall"
            tabindex="0"
            type="button"
          >
            <span
              class="MuiButton-label"
            >
              Learn More
            </span>
            <span
              class="MuiTouchRipple-root"
            />
          </button>
        </div>
      </div>
    </div>
  </div>
</DocumentFragment>
`;

exports[`loading status renders "loading..." when data is not returned 2`] = `
<DocumentFragment>
  loading...
</DocumentFragment>
`;
