// Jest Snapshot v1, https://goo.gl/fbAQLP

exports[`renders component should render list from dataSet prop 1`] = `
<DocumentFragment>
  <div
    class="MuiPaper-root MuiCard-root makeStyles-root-1 MuiPaper-elevation1 MuiPaper-rounded"
  >
    <button
      class="MuiButtonBase-root MuiCardActionArea-root"
      tabindex="0"
      type="button"
    >
      <img
        alt="Untitled (double studio portrait of older woman wearing corsage and top with light front)"
        class="MuiCardMedia-root MuiCardMedia-media MuiCardMedia-img"
        height="140"
        src="https://nrs.harvard.edu/urn-3:HUAM:INV106713N_dynmc"
        title="Contemplative Reptile"
      />
      <div
        class="MuiCardContent-root"
      >
        <h2
          class="MuiTypography-root MuiTypography-h5 MuiTypography-gutterBottom"
        >
          Untitled (double studio portrait of older woman wearing corsage and top with light front)
        </h2>
        <p
          class="MuiTypography-root MuiTypography-body2 MuiTypography-colorTextSecondary"
        >
          Salvador Dali
        </p>
        <p
          class="MuiTypography-root MuiTypography-body2 MuiTypography-colorTextSecondary"
        >
          2000
        </p>
      </div>
      <span
        class="MuiCardActionArea-focusHighlight"
      />
      <span
        class="MuiTouchRipple-root"
      />
    </button>
    <div
      class="MuiCardActions-root MuiCardActions-spacing"
    >
      <button
        class="MuiButtonBase-root MuiButton-root MuiButton-text MuiButton-textPrimary MuiButton-textSizeSmall MuiButton-sizeSmall"
        tabindex="0"
        type="button"
      >
        <span
          class="MuiButton-label"
        >
          Share
        </span>
        <span
          class="MuiTouchRipple-root"
        />
      </button>
      <button
        class="MuiButtonBase-root MuiButton-root MuiButton-text MuiButton-textPrimary MuiButton-textSizeSmall MuiButton-sizeSmall"
        tabindex="0"
        type="button"
      >
        <span
          class="MuiButton-label"
        >
          Learn More
        </span>
        <span
          class="MuiTouchRipple-root"
        />
      </button>
    </div>
  </div>
</DocumentFragment>
`;
