// Jest Snapshot v1, https://goo.gl/fbAQLP

exports[`should render correclty with initial props should render and take a snapshot 1`] = `
<DocumentFragment>
  <button
    class="primary"
  />
</DocumentFragment>
`;
